1
java -Xmx512m -Xms512m  -XX:+UseParallelGC -XX:+PrintGCDetails -XX:+PrintGCDateStamps GCLogAnalysis 
结果：7121
Heap
 PSYoungGen      total 116736K, used 30432K [0x00000007b5580000, 0x00000007c0000000, 0x00000007c0000000)
  eden space 58880K, 51% used [0x00000007b5580000,0x00000007b7338010,0x00000007b8f00000)
  from space 57856K, 0% used [0x00000007bc780000,0x00000007bc780000,0x00000007c0000000)
  to   space 57856K, 0% used [0x00000007b8f00000,0x00000007b8f00000,0x00000007bc780000)
 ParOldGen       total 349696K, used 314604K [0x00000007a0000000, 0x00000007b5580000, 0x00000007b5580000)
  object space 349696K, 89% used [0x00000007a0000000,0x00000007b333b0c0,0x00000007b5580000)
 Metaspace       used 2696K, capacity 4486K, committed 4864K, reserved 1056768K
  class space    used 295K, capacity 386K, committed 512K, reserved 1048576K

java -Xmx512m -Xms512m -XX:+UseSerialGC -XX:+PrintGCDetails -XX:+PrintGCDateStamps GCLogAnalysis 

共生成对象次数:6914
Heap
 def new generation   total 157248K, used 5941K [0x00000007a0000000, 0x00000007aaaa0000, 0x00000007aaaa0000)
  eden space 139776K,   4% used [0x00000007a0000000, 0x00000007a05cd4a8, 0x00000007a8880000)
  from space 17472K,   0% used [0x00000007a9990000, 0x00000007a9990000, 0x00000007aaaa0000)
  to   space 17472K,   0% used [0x00000007a8880000, 0x00000007a8880000, 0x00000007a9990000)
 tenured generation   total 349568K, used 311675K [0x00000007aaaa0000, 0x00000007c0000000, 0x00000007c0000000)
   the space 349568K,  89% used [0x00000007aaaa0000, 0x00000007bdafeeb8, 0x00000007bdaff000, 0x00000007c0000000)
 Metaspace       used 2696K, capacity 4486K, committed 4864K, reserved 1056768K
  class space    used 295K, capacity 386K, committed 512K, reserved 1048576K

java -Xmx512m -Xms512m  -XX:+UseConcMarkSweepGC -XX:+PrintGCDetails -XX:+PrintGCDateStamps GCLogAnalysis 

执行结束!共生成对象次数:7403，多次执行 发现十分的不稳定  从6.1K+ 到 9.1K 都有出现
Heap
 par new generation   total 157248K, used 6262K [0x00000007a0000000, 0x00000007aaaa0000, 0x00000007aaaa0000)
  eden space 139776K,   4% used [0x00000007a0000000, 0x00000007a061d968, 0x00000007a8880000)
  from space 17472K,   0% used [0x00000007a9990000, 0x00000007a9990000, 0x00000007aaaa0000)
  to   space 17472K,   0% used [0x00000007a8880000, 0x00000007a8880000, 0x00000007a9990000)
 concurrent mark-sweep generation total 349568K, used 326907K [0x00000007aaaa0000, 0x00000007c0000000, 0x00000007c0000000)
 Metaspace       used 2696K, capacity 4486K, committed 4864K, reserved 1056768K
  class space    used 295K, capacity 386K, committed 512K, reserved 1048576K


java -Xmx512m -Xms512m   -XX:+UseG1GC -XX:+PrintGCDetails -XX:+PrintGCDateStamps GCLogAnalysis 
执行结束!共生成对象次数:8204
Heap
 garbage-first heap   total 524288K, used 388395K [0x00000007a0000000, 0x00000007a0101000, 0x00000007c0000000)
  region size 1024K, 9 young (9216K), 2 survivors (2048K)
 Metaspace       used 2696K, capacity 4486K, committed 4864K, reserved 1056768K
  class space    used 295K, capacity 386K, committed 512K, reserved 1048576K

在-Xmx512m -Xms512m 的情况下 表现情况  在串行，并发和cms下都是  几次yGC后进行了数次FuGC 并且FGC的频率在增加，并且发下新生代的大小有两次变化  ，开始执行时Young分配的空间为a，经过几次GC后发现变成了b ，经过1到多次之后变成了c 到程序结束最终是c 其中的大小关系是 c>b>a  这一现象发生了啥，为啥会有变化那？
在生成的对象上看再该内存下 串行< 并行 < cms 《= G1 其中cms 数量变动范围比较的大，G1相对稳定


java -Xmx1024m -Xms1024m  -XX:+UseParallelGC -XX:+PrintGCDetails -XX:+PrintGCDateStamps GCLogAnalysis
执行结束!共生成对象次数:8657   ，产生的对象量有明显的提成，发生GC的数量减少 但是每次清除对象的时间增加了
Heap
 PSYoungGen      total 232960K, used 141027K [0x00000007aab00000, 0x00000007c0000000, 0x00000007c0000000)
  eden space 116736K, 90% used [0x00000007aab00000,0x00000007b11b1eb8,0x00000007b1d00000)
  from space 116224K, 30% used [0x00000007b1d00000,0x00000007b4006de8,0x00000007b8e80000)
  to   space 116224K, 0% used [0x00000007b8e80000,0x00000007b8e80000,0x00000007c0000000)
 ParOldGen       total 699392K, used 555781K [0x0000000780000000, 0x00000007aab00000, 0x00000007aab00000)
  object space 699392K, 79% used [0x0000000780000000,0x00000007a1ec15b8,0x00000007aab00000)
 Metaspace       used 2695K, capacity 4486K, committed 4864K, reserved 1056768K
  class space    used 295K, capacity 386K, committed 512K, reserved 1048576K

java -Xmx1024m -Xms1024m -XX:+UseSerialGC -XX:+PrintGCDetails -XX:+PrintGCDateStamps GCLogAnalysis
执行结束!共生成对象次数:7705  产生的对象量有明显的提成，发生GC的数量减少 但是每次清除对象的时间增加了
Heap
 def new generation   total 314560K, used 122194K [0x0000000780000000, 0x0000000795550000, 0x0000000795550000)
  eden space 279616K,  31% used [0x0000000780000000, 0x0000000785534a18, 0x0000000791110000)
  from space 34944K, 100% used [0x0000000793330000, 0x0000000795550000, 0x0000000795550000)
  to   space 34944K,   0% used [0x0000000791110000, 0x0000000791110000, 0x0000000793330000)
 tenured generation   total 699072K, used 519355K [0x0000000795550000, 0x00000007c0000000, 0x00000007c0000000)
   the space 699072K,  74% used [0x0000000795550000, 0x00000007b507eee8, 0x00000007b507f000, 0x00000007c0000000)
 Metaspace       used 2695K, capacity 4486K, committed 4864K, reserved 1056768K
  class space    used 295K, capacity 386K, committed 512K, reserved 1048576K

  java -Xmx1024m -Xms1024m  -XX:+UseConcMarkSweepGC -XX:+PrintGCDetails -XX:+PrintGCDateStamps GCLogAnalysis 
  执行结束!共生成对象次数:6.1K ~9.5K 多次落在 8.0k~9.0K之间，有提升GC的频率降低了 但是还是一样的不稳定
  java -Xmx1024m -Xms1024m   -XX:+UseG1GC -XX:+PrintGCDetails -XX:+PrintGCDateStamps GCLogAnalysis
  执行结束!共生成对象次数:8479 执行次数在8.0K+ 数量提升不明显，gc提升也不明显

  在-Xmx1024m -Xms1024m  内存配置下 串行，并行，cms 有明显的提升，G1提升不明显

  java -Xmx2048m -Xms2048m  -XX:+UseParallelGC -XX:+PrintGCDetails -XX:+PrintGCDateStamps GCLogAnalysis
  执行结束!共生成对象次数:9969 ，GC频率减少，创建对象提升明显
  java -Xmx2048m -Xms2048m  -XX:+UseSerialGC -XX:+PrintGCDetails -XX:+PrintGCDateStamps GCLogAnalysis
  执行结束!共生成对象次数:8.0+ ，GC频率减少，创建对象提升明显
  java -Xmx2048m -Xms2048m  -XX:+UseConcMarkSweepGC -XX:+PrintGCDetails -XX:+PrintGCDateStamps GCLogAnalysis 
  执行结束!共生成对象次数:8405 ，GC频率变化不大，创建对象数量变化不大
  java -Xmx2048m -Xms2048m   -XX:+UseG1GC -XX:+PrintGCDetails -XX:+PrintGCDateStamps GCLogAnalysis
  执行结束!共生成对象次数:9265 提升不多
  在-Xmx2048m -Xms2048m 下执行的效果 GC都减少了，gc时间变成了，创建对象的数量 串行和并行提升明显，cms和G1变化不大，在该内存下发现并行的表现比cms要好

  java -Xmx4096m -Xms4096m  -XX:+UseParallelGC -XX:+PrintGCDetails -XX:+PrintGCDateStamps GCLogAnalysis
  执行结束!共生成对象次数:7.0K+    GC较少 ，但是每次GC的时间比较的长 创建对象数量变少
  java -Xmx4096m -Xms4096m  -XX:+UseSerialGC -XX:+PrintGCDetails -XX:+PrintGCDateStamps GCLogAnalysis
  执行结束!共生成对象次数:7.0+ ，GC频率减少，创建对象数量变少
  java -Xmx4096m -Xms4096m  -XX:+UseConcMarkSweepGC -XX:+PrintGCDetails -XX:+PrintGCDateStamps GCLogAnalysis 
  执行结束!共生成对象次数:8.0+ GC频率减少，创建对象数量变化不大
  java -Xmx4096m -Xms4096m   -XX:+UseG1GC -XX:+PrintGCDetails -XX:+PrintGCDateStamps GCLogAnalysis
  执行结束!共生成对象次数:9265 提升不多
  在-Xmx4096m -Xms4096m 下串行和并行穿件的数量减少了，其余两个表现变化不大









